exports[`test App component snapshot 1`] = `
<h1>
  Test
</h1>
`;
